nftset=/youtube.com/4#inet#fw4#vpn_domains
nftset=/ytimg.com/4#inet#fw4#vpn_domains
nftset=/googlevideo.com/4#inet#fw4#vpn_domains
nftset=/yt3.ggpht.com/4#inet#fw4#vpn_domains
nftset=/youtubei.googleapis.com/4#inet#fw4#vpn_domains
nftset=/youtube-ui.l.google.com/4#inet#fw4#vpn_domains
nftset=/youtube-nocookie.com/4#inet#fw4#vpn_domains
nftset=/copilot-proxy.githubusercontent.com/4#inet#fw4#vpn_domains
nftset=/copilot-telemetry.githubusercontent.com/4#inet#fw4#vpn_domains
nftset=/githubcopilot.com/4#inet#fw4#vpn_domains
nftset=/anthropic.com/4#inet#fw4#vpn_domains
nftset=/claude.ai/4#inet#fw4#vpn_domains
nftset=/xvideos.com/4#inet#fw4#vpn_domains
nftset=/github.com/4#inet#fw4#vpn_domains
nftset=/zapier.com/4#inet#fw4#vpn_domains
nftset=/default.exp-tas.com/4#inet#fw4#vpn_domains
nftset=/github.com/4#inet#fw4#vpn_domains
nftset=/hashicorp.com/4#inet#fw4#vpn_domains
nftset=/origin-tracker.githubusercontent.com/4#inet#fw4#vpn_domains
nftset=/padi.com/4#inet#fw4#vpn_domains
nftset=/azureedge.net/4#inet#fw4#vpn_domains
nftset=/api.github.com/4#inet#fw4#vpn_domains
nftset=/copilot-proxy.githubusercontent.com/4#inet#fw4#vpn_domains
nftset=/api.business.githubcopilot.com/4#inet#fw4#vpn_domains
nftset=/api.githubcopilot.com/4#inet#fw4#vpn_domains
nftset=/origin-tracker.githubusercontent.com/4#inet#fw4#vpn_domains
nftset=/githubcopilot.com/4#inet#fw4#vpn_domains
nftset=/individual.githubcopilot.com/4#inet#fw4#vpn_domains
nftset=/business.githubcopilot.com/4#inet#fw4#vpn_domains
nftset=/enterprise.githubcopilot.com/4#inet#fw4#vpn_domains